// Jest Snapshot v1, https://goo.gl/fbAQLP

exports[`snapshot tests for stability matches snapshot 1`] = `
<div>
  <div
    class="Todo"
  >
    <div>
      <b>
        Make dinner
      </b>
       
      <small>
        (priority: 
        1
        )
      </small>
    </div>
    <div>
      <small>
        Cook something healthy
      </small>
    </div>
  </div>
</div>
`;
